// Jest Snapshot v1, https://goo.gl/fbAQLP

exports[`Header component render 1`] = `
<div
  className="header"
>
  <div
    className="header__title"
  >
    Simple Chat App
  </div>
  <div
    className="header__settings"
    onClick={[Function]}
  >
    Settings
  </div>
</div>
`;
